LARM LINKER/LOCATER V2.50a                                                              12/05/2012  17:32:41  PAGE 1


LARM LINKER/LOCATER V2.50a, INVOKED BY:
C:\KEIL\ARM\BIN\LA.EXE Startup.obj, adc.obj, app.obj, dac.obj, key.obj, lcd.obj, main.obj, pwm.obj, rtc.obj, timer.obj, 
>> uart.obj, wdt.obj, spi.obj TO SPI CASE CLASSES (DATA (0X40000000-0X40007FFF), CODE (0X0-0X7FFFF), CONST (0X0-0X7FFFF)
>> )


CPU MODE: LITTLE ENDIAN


INPUT MODULES INCLUDED:
  Startup.obj (STARTUP)
         COMMENT TYPE 0: AA V2.50
  adc.obj (adc)
         COMMENT TYPE 0: CARM V2.50a
  app.obj (app)
         COMMENT TYPE 0: CARM V2.50a
  dac.obj (dac)
         COMMENT TYPE 0: CARM V2.50a
  key.obj (key)
         COMMENT TYPE 0: CARM V2.50a
  lcd.obj (lcd)
         COMMENT TYPE 0: CARM V2.50a
  main.obj (main)
         COMMENT TYPE 0: CARM V2.50a
  pwm.obj (pwm)
         COMMENT TYPE 0: CARM V2.50a
  rtc.obj (rtc)
         COMMENT TYPE 0: CARM V2.50a
  timer.obj (timer)
         COMMENT TYPE 0: CARM V2.50a
  uart.obj (uart)
         COMMENT TYPE 0: CARM V2.50a
  wdt.obj (wdt)
         COMMENT TYPE 0: CARM V2.50a
  spi.obj (spi)
         COMMENT TYPE 0: CARM V2.50a
  C:\KEIL\ARM\LIB\CAL.LIB (FIQ)
         COMMENT TYPE 0: AA V2.50
  C:\KEIL\ARM\LIB\CAL.LIB (IRQ)
         COMMENT TYPE 0: AA V2.50
  C:\KEIL\ARM\LIB\CAL.LIB (DABT)
         COMMENT TYPE 0: AA V2.50
  C:\KEIL\ARM\LIB\CAL.LIB (PABT)
         COMMENT TYPE 0: AA V2.50
  C:\KEIL\ARM\LIB\CAL.LIB (SWI)
         COMMENT TYPE 0: AA V2.50
  C:\KEIL\ARM\LIB\CAL.LIB (UNDEF)
         COMMENT TYPE 0: AA V2.50


ACTIVE MEMORY CLASSES OF MODULE:  SPI (STARTUP)

BASE       START      END        USED       MEMORY CLASS
========================================================
00000000H  40000000H  40007FFFH  0000078FH  DATA
00000000H  00000000H  0007FFFFH  00000D24H  CODE
00000000H  00000000H  0007FFFFH  00000276H  CONST


INTERRUPT FUNCTIONS

TYPE  STACK SIZE    FUNCTION NAME
=================================
irq                 uart0_ISR?A
irq                 uart1_ISR?A
irq                 rtc_ISR?A
LARM LINKER/LOCATER V2.50a                                                            12/05/2012  17:32:41  PAGE 2


irq                 timer1_ISR?A
irq                 wdt_ISR?A




MEMORY MAP OF MODULE:  SPI (STARTUP)

START      STOP       LENGTH    ALIGN  RELOC  MEMORY CLASS   SEGMENT NAME
=========================================================================
00000000H  0000010FH  00000110H     4  AT..   CODE           STARTUPCODE
00000110H  000001CDH  000000BEH     4  UNIT   CONST          ?CON?app
000001CEH  000001CFH  00000002H   ---  ---    **GAP**
000001D0H  000001EEH  0000001FH     4  UNIT   CONST          ?CON?main
000001EFH  000001EFH  00000001H   ---  ---    **GAP**
000001F0H  00000204H  00000015H     4  UNIT   CONST          ?CON?rtc
00000205H  00000207H  00000003H   ---  ---    **GAP**
00000208H  0000023FH  00000038H     4  UNIT   CONST          ?C_CLRSEG
00000240H  0000038BH  0000014CH     4  UNIT   CONST          ?C_INITSEG
0000038CH  000003A7H  0000001CH     4  UNIT   CODE           ?PR?uart0_ISR?A?app
000003A8H  00000413H  0000006CH     4  UNIT   CODE           ?PR?uart1_ISR?A?app
00000414H  00000467H  00000054H     4  UNIT   CODE           ?PR?irq_init?T?app
00000468H  0000051BH  000000B4H     4  UNIT   CODE           ?PR?default_page?T?app
0000051CH  00000567H  0000004CH     4  UNIT   CODE           ?PR?user_temp_conv?T?app
00000568H  000005F7H  00000090H     4  UNIT   CODE           ?PR?user_time_conv?T?app
000005F8H  000006D3H  000000DCH     4  UNIT   CODE           ?PR?scancode?T?key
000006D4H  000007D3H  00000100H     4  UNIT   CODE           ?PR?get_key?T?key
000007D4H  00000807H  00000034H     4  UNIT   CODE           ?PR?lcd_init?T?lcd
00000808H  00000817H  00000010H     4  UNIT   CODE           ?PR?clrscr?T?lcd
00000818H  00000863H  0000004CH     4  UNIT   CODE           ?PR?datar?T?lcd
00000864H  000008AFH  0000004CH     4  UNIT   CODE           ?PR?comdr?T?lcd
000008B0H  000008EFH  00000040H     4  UNIT   CODE           ?PR?lcd_line1_disp?T?lcd
000008F0H  0000092FH  00000040H     4  UNIT   CODE           ?PR?lcd_line2_disp?T?lcd
00000930H  0000096FH  00000040H     4  UNIT   CODE           ?PR?lcd_line3_disp?T?lcd
00000970H  000009AFH  00000040H     4  UNIT   CODE           ?PR?lcd_line4_disp?T?lcd
000009B0H  000009DBH  0000002CH     4  UNIT   CODE           ?PR?lcd_line1_ch_disp?T?lcd
000009DCH  00000B47H  0000016CH     4  UNIT   CODE           ?PR?main?main
00000B48H  00000B83H  0000003CH     4  UNIT   CODE           ?PR?pwm5_pulse_width?T?pwm
00000B84H  00000BA3H  00000020H     4  UNIT   CODE           ?PR?pwm_disable?T?pwm
00000BA4H  00000C6BH  000000C8H     4  UNIT   CODE           ?PR?set_alarm?T?rtc
00000C6CH  00000D23H  000000B8H     4  UNIT   CODE           ?PR?rtc_ISR?A?rtc
00000D24H  00000D57H  00000034H     4  UNIT   CODE           ?PR?ms_delay?T?timer
00000D58H  00000D8BH  00000034H     4  UNIT   CODE           ?PR?key_delay?T?timer
00000D8CH  00000DEBH  00000060H     4  UNIT   CODE           ?PR?timer1_ISR?A?timer
00000DECH  00000E43H  00000058H     4  UNIT   CODE           ?PR?uart_init?T?uart
00000E44H  00000E5FH  0000001CH     4  UNIT   CODE           ?PR?uart0_send_byte?T?uart
00000E60H  00000E7BH  0000001CH     4  UNIT   CODE           ?PR?wdt_feed?T?wdt
00000E7CH  00000EB7H  0000003CH     4  UNIT   CODE           ?PR?wdt_ISR?A?wdt
00000EB8H  00000ECFH  00000018H     4  UNIT   CODE           ?PR?spi_init?T?spi
00000ED0H  00000EDFH  00000010H     4  UNIT   CODE           ?PR?spi_clk_sel?T?spi
00000EE0H  00000F5FH  00000080H     4  UNIT   CODE           ?PR?spi_send_byte?T?spi
00000F60H  00000F87H  00000028H     4  UNIT   CODE           ?PR?spi_recv_byte?T?spi
00000F88H  00000F8BH  00000004H     4  UNIT   CODE           ?C?FIQ
00000F8CH  00000F8FH  00000004H     4  UNIT   CODE           ?C?IRQ
00000F90H  00000F93H  00000004H     4  UNIT   CODE           ?C?DABT
00000F94H  00000F97H  00000004H     4  UNIT   CODE           ?C?PABT
00000F98H  00000F9FH  00000008H     4  UNIT   CODE           ?C?UNDEF
00000FA0H  3FFFFFFFH  3FFFF060H   ---  ---    **GAP**
40000000H  4000048FH  00000490H     4  UNIT   DATA           STACK
40000490H  40000746H  000002B7H     4  UNIT   DATA           ?DT0?app
40000747H  40000747H  00000001H   ---  ---    **GAP**
40000748H  40000759H  00000012H     4  UNIT   DATA           ?DT0?key
4000075AH  4000075BH  00000002H   ---  ---    **GAP**
4000075CH  40000765H  0000000AH     4  UNIT   DATA           ?DT0?lcd
40000766H  40000767H  00000002H   ---  ---    **GAP**
LARM LINKER/LOCATER V2.50a                                                            12/05/2012  17:32:41  PAGE 3


40000768H  4000077EH  00000017H     4  UNIT   DATA           ?DT0?rtc
4000077FH  4000077FH  00000001H   ---  ---    **GAP**
40000780H  40000793H  00000014H     4  UNIT   DATA           ?DT0?timer
40000794H  40000794H  00000001H     4  UNIT   DATA           ?DT0?wdt



REMOVED FUNCTIONS OF MODULE:  SPI (STARTUP)

      ATTRIBUTE  FUNCTION NAME
      ========================
       unused    adc_init?T
       unused    adc1_getval?T
       unused    adc2_getval?T
       unused    adc3_getval?T
       unused    adc0_1_soc?T
       unused    adc0_1_eoc?T
       unused    adc0_3_soc?T
       unused    adc0_3_eoc?T
       unused    get_user_time?T
       unused    temp_ctrl?T
       unused    adc_val_conv?T
       unused    dac_val?T
       unused    cursur_on?T
       unused    cursur_off?T
       unused    lcd_line2_ch_disp?T
       unused    lcd_line3_ch_disp?T
       unused    lcd_line4_ch_disp?T
       unused    lcd_scroll_disp?T
       unused    display_dots?T
       unused    pwm5_init?T
       unused    pwm_enable?T
       unused    rtc_init?T
       unused    rtc_init_interrupt?T
       unused    rtc_get_time?T
       unused    rtc_change_time?T
       unused    timer1_init_interrupt?T
       unused    timer1_init?T
       unused    timer1_on?T
       unused    timer1_off?T
       unused    time1_measure?T
       unused    uart1_send_byte?T
       unused    uart0_send_string?T
       unused    uart1_send_string?T
       unused    wdt_init?T
       unused    spi_send_data?T
       unused    spi_recv_data?T



PUBLIC SYMBOLS OF MODULE:  SPI (STARTUP)

      VALUE      CLASS    TYPE      PUBLIC SYMBOL NAME
      ================================================
      00000208H  ---      ---       ?C?CLRTAB
      000009DCH  ---      ---       ?C?INIT
      00000240H  ---      ---       ?C?INITTAB
      00000F90H  CODE     ---       DAbt_Handler?A
      00000F88H  CODE     ---       FIQ_Handler?A
      00000F8CH  CODE     ---       IRQ_Handler?A
      00000F94H  CODE     ---       PAbt_Handler?A
      00000F98H  CODE     ---       SWI_Handler?A
      40000660H  DATA     BYTE      Uc_adc_time_out_flag
      4000077EH  DATA     BYTE      Uc_alrm
      40000744H  DATA     BYTE      Uc_byte_count
LARM LINKER/LOCATER V2.50a                                                            12/05/2012  17:32:41  PAGE 4


      40000661H  DATA     ---       Uc_cr_lf
      40000773H  DATA     ---       Uc_date
      400004B8H  DATA     ---       Uc_dec_arr
      40000748H  DATA     BYTE      Uc_key_temp
      4000076AH  DATA     ---       Uc_real_time
      400006E0H  DATA     ---       Uc_recv_data
      4000066EH  DATA     ---       Uc_set_temp
      400004C3H  DATA     ---       Uc_set_user_time
      40000746H  DATA     BYTE      Uc_temp_high
      40000669H  DATA     ---       Uc_temp_high_lcd
      40000664H  DATA     ---       Uc_temp_low_lcd
      40000780H  DATA     ---       Uc_time1_arr
      40000768H  DATA     WORD      Uc_time_sec
      4000065DH  DATA     BYTE      Uc_user_dwn_hr
      4000065EH  DATA     BYTE      Uc_user_dwn_min
      4000065FH  DATA     BYTE      Uc_user_dwn_sec
      40000490H  DATA     ---       Ui_temp_set_val
      00000F9CH  CODE     ---       Undef_Handler?A
      00000000H  CODE     ---       __startup
      00000000H  CODE     ---       adc0_1_eoc?T
      00000000H  CODE     ---       adc0_1_soc?T
      00000000H  CODE     ---       adc0_3_eoc?T
      00000000H  CODE     ---       adc0_3_soc?T
      00000000H  CODE     ---       adc1_getval?T
      00000000H  CODE     ---       adc2_getval?T
      00000000H  CODE     ---       adc3_getval?T
      00000000H  CODE     ---       adc_init?T
      00000000H  CODE     ---       adc_val_conv?T
      40000675H  DATA     ---       ascii_arr
      40000759H  DATA     BYTE      ch
      00000808H  CODE     ---       clrscr?T
      00000864H  CODE     ---       comdr?T
      00000000H  CODE     ---       cursur_off?T
      00000000H  CODE     ---       cursur_on?T
      00000000H  CODE     ---       dac_val?T
      40000765H  DATA     BYTE      data_ptr
      00000818H  CODE     ---       datar?T
      00000468H  CODE     ---       default_page?T
      00000000H  CODE     ---       display_dots?T
      000000F0H  CODE     ---       exit?A
      000000F4H  CODE     ---       exit?T
      40000745H  DATA     BYTE      frame_chk_cnt
      000006D4H  CODE     ---       get_key?T
      00000000H  CODE     ---       get_user_time?T
      00000414H  CODE     ---       irq_init?T
      40000764H  DATA     BYTE      k
      00000D58H  CODE     ---       key_delay?T
      40000749H  DATA     ---       keyboard
      000007D4H  CODE     ---       lcd_init?T
      000009B0H  CODE     ---       lcd_line1_ch_disp?T
      000008B0H  CODE     ---       lcd_line1_disp?T
      00000000H  CODE     ---       lcd_line2_ch_disp?T
      000008F0H  CODE     ---       lcd_line2_disp?T
      00000000H  CODE     ---       lcd_line3_ch_disp?T
      00000930H  CODE     ---       lcd_line3_disp?T
      00000000H  CODE     ---       lcd_line4_ch_disp?T
      00000970H  CODE     ---       lcd_line4_disp?T
      00000000H  CODE     ---       lcd_scroll_disp?T
      00000A10H  CODE     ---       main
      00000D24H  CODE     ---       ms_delay?T
      40000494H  DATA     ---       node_01
      400006D9H  DATA     ---       node_addr_arr
      400006DBH  DATA     ---       node_ascii_arr
      4000075CH  DATA     ---       p
      00000000H  CODE     ---       pwm5_init?T
LARM LINKER/LOCATER V2.50a                                                            12/05/2012  17:32:41  PAGE 5


      00000B48H  CODE     ---       pwm5_pulse_width?T
      00000B84H  CODE     ---       pwm_disable?T
      00000000H  CODE     ---       pwm_enable?T
      00000C6CH  CODE     ---       rtc_ISR?A
      00000000H  CODE     ---       rtc_change_time?T
      00000000H  CODE     ---       rtc_get_time?T
      00000000H  CODE     ---       rtc_init?T
      00000000H  CODE     ---       rtc_init_interrupt?T
      40000760H  DATA     ---       s
      000005F8H  CODE     ---       scancode?T
      00000BA4H  CODE     ---       set_alarm?T
      400004CDH  DATA     ---       space
      00000ED0H  CODE     ---       spi_clk_sel?T
      00000EB8H  CODE     ---       spi_init?T
      00000F60H  CODE     ---       spi_recv_byte?T
      00000000H  CODE     ---       spi_recv_data?T
      00000EE0H  CODE     ---       spi_send_byte?T
      00000000H  CODE     ---       spi_send_data?T
      00000000H  CODE     ---       temp_ctrl?T
      00000000H  CODE     ---       time1_measure?T
      00000D8CH  CODE     ---       timer1_ISR?A
      00000000H  CODE     ---       timer1_init?T
      00000000H  CODE     ---       timer1_init_interrupt?T
      00000000H  CODE     ---       timer1_off?T
      00000000H  CODE     ---       timer1_on?T
      0000038CH  CODE     ---       uart0_ISR?A
      00000E44H  CODE     ---       uart0_send_byte?T
      00000000H  CODE     ---       uart0_send_string?T
      000003A8H  CODE     ---       uart1_ISR?A
      00000000H  CODE     ---       uart1_send_byte?T
      00000000H  CODE     ---       uart1_send_string?T
      00000DECH  CODE     ---       uart_init?T
      0000051CH  CODE     ---       user_temp_conv?T
      00000568H  CODE     ---       user_time_conv?T
      00000E7CH  CODE     ---       wdt_ISR?A
      00000E60H  CODE     ---       wdt_feed?T
      00000000H  CODE     ---       wdt_init?T
      40000794H  DATA     BYTE      wdt_timeout

Program Size: data=1935 const=630 code=3364
LARM RUN COMPLETE.  0 WARNING(S),  0 ERROR(S)
